447 "the"
372 "Minecraft"
279 "up"
263 "Jump"
247 "to"
232 "Retrieved"
224 "and"
224 "of"
180 "in"
171 "a"
146 "game"
120 "The"
111 "on"
98 "for"
82 "s"
80 "December"
80 "was"
77 "as"
75 "that"
72 "November"
70 "Edition"
70 "is"
67 "by"
66 "Mojang"
65 "with"
64 "September"
63 "Xbox"
60 "October"
54 "PC"
52 "January"
52 "version"
51 "players"
49 "from"
47 "In"
40 "July"
40 "be"
39 "an"
39 "it"
38 "Game"
38 "b"
37 "February"
36 "released"
33 "August"
33 "can"
33 "world"
32 "Games"
32 "are"
32 "at"
31 "IGN"
31 "also"
31 "have"
31 "mode"
30 "June"
30 "Microsoft"
29 "March"
27 "Gamer"
27 "Windows"
27 "has"
26 "May"
26 "On"
26 "Persson"
25 "U"
25 "not"
25 "which"
24 "April"
24 "PlayStation"
24 "million"
23 "Future"
23 "Pocket"
23 "such"
22 "A"
22 "CBS"
22 "Interactive"
22 "or"
22 "player"
21 "PS"
21 "plc"
21 "server"
21 "their"
21 "video"
21 "were"
20 "Wii"
20 "all"
20 "announced"
20 "release"
20 "this"
20 "will"
19 "MineCon"
19 "been"
18 "Best"
18 "It"
18 "Media"
18 "Video"
18 "blocks"
18 "new"
17 "Awards"
17 "GameSpot"
17 "Nintendo"
17 "games"
17 "other"
17 "versions"
16 "Markus"
16 "original"
16 "play"
16 "time"
15 "Mode"
15 "Network"
15 "One"
15 "but"
15 "c"
15 "first"
15 "support"
14 "Eurogamer"
14 "Kotaku"
14 "Live"
14 "Players"
14 "Review"
14 "Vita"
14 "best"
14 "items"
14 "later"
14 "more"
14 "one"
13 "Archived"
13 "UK"
13 "content"
13 "they"
12 "Lego"
12 "This"
12 "Tom"
12 "available"
12 "developed"
12 "its"
12 "no"
12 "sales"
12 "sold"
12 "various"
12 "would"
11 "Life"
11 "Notch"
11 "Paper"
11 "Rock"
11 "Shotgun"
11 "Story"
11 "based"
11 "called"
11 "copies"
11 "custom"
11 "features"
11 "generated"
11 "made"
11 "maps"
11 "multiplayer"
11 "out"
11 "system"
10 "At"
10 "By"
10 "Coming"
10 "D"
10 "Gamasutra"
10 "Of"
10 "Pi"
10 "computer"
10 "gameplay"
10 "including"
10 "into"
10 "music"
10 "packs"
10 "received"
10 "set"
10 "two"
10 "well"
10 "when"
10 "who"
10 "you"
9 "Arcade"
9 "Block"
9 "Is"
9 "Metacritic"
9 "Phone"
9 "Release"
9 "TV"
9 "Wired"
9 "around"
9 "article"
9 "being"
9 "beta"
9 "block"
9 "building"
9 "com"
9 "community"
9 "crafting"
9 "created"
9 "e"
9 "had"
9 "project"
9 "some"
9 "t"
9 "update"
9 "use"
9 "year"
8 "All"
8 "BBC"
8 "Gawker"
8 "Indie"
8 "New"
8 "Official"
8 "Polygon"
8 "Time"
8 "YouTube"
8 "about"
8 "alpha"
8 "between"
8 "creative"
8 "full"
8 "launch"
8 "mod"
8 "only"
8 "over"
8 "own"
8 "servers"
8 "through"
8 "using"
8 "virtual"
8 "where"
7 "Android"
7 "Award"
7 "Choice"
7 "Creative"
7 "Education"
7 "Japan"
7 "News"
7 "To"
7 "Wikipedia"
7 "World"
7 "Year"
7 "added"
7 "award"
7 "build"
7 "changes"
7 "children"
7 "craft"
7 "iOS"
7 "known"
7 "may"
7 "mobs"
7 "nominated"
7 "online"
7 "people"
7 "place"
7 "resources"
7 "selling"
7 "students"
7 "survival"
7 "texture"
7 "th"
7 "users"
7 "won"
6 "As"
6 "Brian"
6 "British"
6 "How"
6 "Jim"
6 "Magazine"
6 "Mark"
6 "Nether"
6 "Online"
6 "Owen"
6 "Raspberry"
6 "Top"
6 "Volume"
6 "With"
6 "ability"
6 "after"
6 "began"
6 "built"
6 "creatures"
6 "cross"
6 "development"
6 "does"
6 "his"
6 "hostile"
6 "how"
6 "include"
6 "lack"
6 "large"
6 "making"
6 "now"
6 "official"
6 "review"
6 "second"
6 "spawn"
6 "there"
6 "title"
6 "updates"
6 "user"
6 "via"
6 "videos"
5 "Adventure"
5 "Alec"
5 "Alpha"
5 "Art"
5 "Bergensten"
5 "Beta"
5 "Bros"
5 "Computer"
5 "Daniel"
5 "Digital"
5 "Downloadable"
5 "End"
5 "For"
5 "GameSpy"
5 "Gaming"
5 "Good"
5 "However"
5 "Jens"
5 "Kids"
5 "Main"
5 "Matt"
5 "Meer"
5 "Mine"
5 "Play"
5 "Realms"
5 "Rift"
5 "Rosenfeld"
5 "Scott"
5 "See"
5 "Some"
5 "Studios"
5 "Super"
5 "Survival"
5 "Telltale"
5 "There"
5 "These"
5 "Twitter"
5 "US"
5 "Warner"
5 "X"
5 "able"
5 "access"
5 "acquisition"
5 "across"
5 "addition"
5 "allows"
5 "along"
5 "awarded"
5 "bar"
5 "billion"
5 "buy"
5 "chunks"
5 "clones"
5 "coming"
5 "console"
5 "create"
5 "day"
5 "difficulty"
5 "down"
5 "due"
5 "eShop"
5 "franchise"
5 "friends"
5 "hunger"
5 "interface"
5 "longer"
5 "merchandise"
5 "mods"
5 "needed"
5 "off"
5 "officially"
5 "pack"
5 "physical"
5 "platform"
5 "platforms"
5 "point"
5 "popular"
5 "port"
5 "portal"
5 "projects"
5 "reality"
5 "receive"
5 "releases"
5 "same"
5 "similar"
5 "single"
5 "stated"
5 "stone"
5 "than"
5 "them"
5 "things"
5 "tools"
5 "used"
5 "within"
5 "without"
5 "worlds"
4 "Albert"
4 "Although"
4 "America"
4 "Andrew"
4 "Ars"
4 "Boing"
4 "Bui"
4 "C"
4 "Console"
4 "Creeper"
4 "Cube"
4 "Date"
4 "Development"
4 "Eddie"
4 "Entertainment"
4 "First"
4 "GameZone"
4 "Gameplay"
4 "Grand"
4 "Herobrine"
4 "Inc"
4 "Independent"
4 "Informer"
4 "Inside"
4 "J"
4 "Java"
4 "M"
4 "MINECON"
4 "Makuch"
4 "Mike"
4 "Million"
4 "More"
4 "Most"
4 "Movie"
4 "Multiplayer"
4 "Museum"
4 "Nathan"
4 "North"
4 "Now"
4 "Page"
4 "Part"
4 "Phillips"
4 "Player"
4 "Prize"
4 "Rossignol"
4 "South"
4 "Spectator"
4 "Spike"
4 "Swedish"
4 "TIGA"
4 "Technica"
4 "Thomas"
4 "Vox"
4 "Whitehead"
4 "Working"
4 "add"
4 "adding"
4 "additional"
4 "adventure"
4 "allowing"
4 "animals"
4 "arts"
4 "awards"
4 "becoming"
4 "bit"
4 "books"
4 "category"
4 "certain"
4 "character"
4 "commands"
4 "company"
4 "concept"
4 "contain"
4 "control"
4 "creature"
4 "d"
4 "deal"
4 "default"
4 "designed"
4 "developer"
4 "different"
4 "digital"
4 "do"
4 "download"
4 "elements"
4 "enable"
4 "five"
4 "fly"
4 "four"
4 "free"
4 "gamesPlayStation"
4 "having"
4 "he"
4 "held"
4 "help"
4 "hit"
4 "however"
4 "if"
4 "includes"
4 "infinite"
4 "interview"
4 "just"
4 "k"
4 "last"
4 "less"
4 "links"
4 "m"
4 "make"
4 "many"
4 "menu"
4 "most"
4 "net"
4 "non"
4 "noted"
4 "often"
4 "open"
4 "page"
4 "party"
4 "placed"
4 "possible"
4 "procedurally"
4 "public"
4 "ranging"
4 "re"
4 "related"
4 "revealed"
4 "reviewers"
4 "sandbox"
4 "screen"
4 "sets"
4 "show"
4 "specifically"
4 "still"
4 "tickets"
4 "unique"
4 "v"
4 "variety"
4 "weeks"
4 "wide"
3 "AB"
3 "About"
3 "Academy"
3 "According"
3 "Agency"
3 "Alex"
3 "An"
3 "Announcing"
3 "Another"
3 "Anthony"
3 "Apple"
3 "Audio"
3 "Boy"
3 "Brown"
3 "Building"
3 "Builds"
3 "Calvert"
3 "Classic"
3 "Commons"
3 "Community"
3 "Confirmed"
3 "CraftBukkit"
3 "DB"
3 "DS"
3 "Danish"
3 "Darren"
3 "Davies"
3 "Davis"
3 "Denmark"
3 "Developers"
3 "E"
3 "Edge"
3 "Edwin"
3 "Ender"
3 "Evans"
3 "Facebook"
3 "Festival"
3 "Further"
3 "Gallegos"
3 "GameStop"
3 "Geodata"
3 "Gets"
3 "Guardian"
3 "He"
3 "IP"
3 "ISBN"
3 "Infiniminer"
3 "International"
3 "Jason"
3 "Jaz"
3 "John"
3 "Lee"
3 "License"
3 "Mario"
3 "Marsh"
3 "Mashable"
3 "McNally"
3 "Minecon"
3 "MinecraftEDU"
3 "MinecraftEdu"
3 "Mobile"
3 "Music"
3 "OS"
3 "Other"
3 "PSV"
3 "Park"
3 "Paul"
3 "Penny"
3 "Phones"
3 "Press"
3 "Reception"
3 "References"
3 "Reilly"
3 "Revealed"
3 "Reviews"
3 "Rob"
3 "S"
3 "Sales"
3 "Scrolls"
3 "Senior"
3 "Smithsonian"
3 "Stone"
3 "Style"
3 "Switch"
3 "Thirlwell"
3 "UN"
3 "VR"
3 "Verge"
3 "Virtual"
3 "Vu"
3 "Webster"
3 "Winners"
3 "XBLA"
3 "You"
3 "Ziff"
3 "acquire"
3 "activities"
3 "allow"
3 "areas"
3 "aspect"
3 "before"
3 "blocky"
3 "citation"
3 "classic"
3 "command"
3 "commentators"
3 "confirmed"
3 "consisting"
3 "constructions"
3 "critics"
3 "damage"
3 "date"
3 "deadmau"
3 "designer"
3 "devices"
3 "disappointed"
3 "early"
3 "edition"
3 "education"
3 "educational"
3 "environments"
3 "episodes"
3 "events"
3 "every"
3 "except"
3 "experience"
3 "feature"
3 "featured"
3 "film"
3 "food"
3 "fourth"
3 "friendly"
3 "further"
3 "gamesXbox"
3 "gaming"
3 "gather"
3 "generally"
3 "good"
3 "hard"
3 "hardcore"
3 "health"
3 "here"
3 "hours"
3 "included"
3 "item"
3 "language"
3 "lava"
3 "learn"
3 "limited"
3 "list"
3 "locations"
3 "main"
3 "major"
3 "map"
3 "mash"
3 "material"
3 "materials"
3 "modding"
3 "monsters"
3 "movie"
3 "much"
3 "multiple"
3 "named"
3 "never"
3 "older"
3 "operating"
3 "order"
3 "ores"
3 "periodically"
3 "person"
3 "phase"
3 "placing"
3 "plans"
3 "produced"
3 "program"
3 "programming"
3 "quickly"
3 "range"
3 "reached"
3 "registered"
3 "resource"
3 "right"
3 "run"
3 "said"
3 "selected"
3 "series"
3 "setting"
3 "several"
3 "since"
3 "soundtrack"
3 "specific"
3 "start"
3 "style"
3 "take"
3 "teach"
3 "teleport"
3 "then"
3 "though"
3 "three"
3 "titled"
3 "tool"
3 "trading"
3 "under"
3 "updated"
3 "view"
3 "vinyl"
3 "wanted"
3 "water"
3 "way"
3 "wood"
3 "work"
3 "works"
3 "written"
3 "young"
2 "AOL"
2 "API"
2 "Adaptations"
2 "Adding"
2 "Adds"
2 "Advance"
2 "After"
2 "Amazon"
2 "American"
2 "And"
2 "Announce"
2 "Applications"
2 "Are"
2 "Atari"
2 "Available"
2 "Bahasa"
2 "Bandcamp"
2 "Battleminer"
2 "Be"
2 "Big"
2 "Billion"
2 "Black"
2 "Blockheads"
2 "Business"
2 "CAD"
2 "CNET"
2 "COO"
2 "Cheshire"
2 "Chris"
2 "Citations"
2 "Clone"
2 "Cobalt"
2 "Commercial"
2 "Contents"
2 "Corey"
2 "Creator"
2 "Critical"
2 "Critics"
2 "Cultural"
2 "Cuusoo"
2 "Daily"
2 "David"
2 "Deadline"
2 "Dean"
2 "Discovery"
2 "Download"
2 "Dragon"
2 "Duncan"
2 "Effect"
2 "Enderman"
2 "Europe"
2 "Excellence"
2 "External"
2 "Fallout"
2 "Favorite"
2 "Film"
2 "Finally"
2 "Fire"
2 "Flag"
2 "Forbes"
2 "Fortress"
2 "Foundation"
2 "Frampton"
2 "Friday"
2 "From"
2 "Fuchs"
2 "G"
2 "GAME"
2 "Gaga"
2 "GameCity"
2 "GamePad"
2 "Gamescom"
2 "Gangnam"
2 "General"
2 "Ghostly"
2 "Glu"
2 "Go"
2 "Gough"
2 "Group"
2 "Habitat"
2 "Hardcore"
2 "Hollywood"
2 "I"
2 "If"
2 "IndieGames"
2 "Industry"
2 "Inspired"
2 "Internet"
2 "Into"
2 "Island"
2 "Its"
2 "Jill"
2 "Joystiq"
2 "Julian"
2 "Justin"
2 "Klint"
2 "Kroll"
2 "LEGO"
2 "Lady"
2 "Levy"
2 "Linux"
2 "Listen"
2 "London"
2 "Luke"
2 "Mac"
2 "Making"
2 "Man"
2 "Manneh"
2 "Mass"
2 "McDougall"
2 "McElhenney"
2 "Merchandise"
2 "Messick"
2 "Meunier"
2 "Micro"
2 "Miller"
2 "Mods"
2 "Month"
2 "Munro"
2 "Nexis"
2 "Next"
2 "Nominees"
2 "Norsk"
2 "Not"
2 "Notes"
2 "Oculus"
2 "Out"
2 "Over"
2 "PE"
2 "Paris"
2 "Peaceful"
2 "Peckham"
2 "Personal"
2 "Platform"
2 "Pok"
2 "Portal"
2 "Privacy"
2 "Public"
2 "Record"
2 "Retail"
2 "Reviewers"
2 "Roy"
2 "Salon"
2 "Score"
2 "Sells"
2 "Sensation"
2 "Set"
2 "Seumas"
2 "Shawn"
2 "Shire"
2 "Show"
2 "Siliconera"
2 "Since"
2 "Single"
2 "Sloven"
2 "Social"
2 "Sony"
2 "Soon"
2 "Special"
2 "Spin"
2 "Spy"
2 "Stephen"
2 "Store"
2 "Stories"
2 "Students"
2 "T"
2 "Teaches"
2 "Teaching"
2 "Team"
2 "Television"
2 "Terrain"
2 "Tetris"
2 "Than"
2 "Think"
2 "Times"
2 "Title"
2 "Totilo"
2 "Trends"
2 "UP"
2 "USgamer"
2 "Unlike"
2 "Update"
2 "Upon"
2 "Urban"
2 "User"
2 "VG"
2 "Variety"
2 "Vivecraft"
2 "Walker"
2 "Walton"
2 "Well"
2 "What"
2 "When"
2 "Wiki"
2 "Wikidata"
2 "Wikimedia"
2 "XONE"
2 "Y"
2 "Yahoo"
2 "York"
2 "Zombie"
2 "acclaimed"
2 "achievement"
2 "adds"
2 "adventures"
2 "affected"
2 "aided"
2 "allowed"
2 "already"
2 "although"
2 "amongst"
2 "announcement"
2 "another"
2 "any"
2 "approximately"
2 "armour"
2 "art"
2 "attacks"
2 "audio"
2 "author"
2 "away"
2 "axes"
2 "back"
2 "behaviour"
2 "behind"
2 "blog"
2 "board"
2 "book"
2 "boss"
2 "both"
2 "bring"
2 "budget"
2 "buggier"
2 "buildings"
2 "calling"
2 "caves"
2 "channel"
2 "characters"
2 "choice"
2 "circuits"
2 "citizens"
2 "claim"
2 "clone"
2 "closer"
2 "code"
2 "codes"
2 "combines"
2 "commenting"
2 "completed"
2 "complex"
2 "composed"
2 "computers"
2 "consoles"
2 "contributors"
2 "controller"
2 "controls"
2 "core"
2 "could"
2 "course"
2 "crafted"
2 "creates"
2 "creation"
2 "creations"
2 "criticised"
2 "cubes"
2 "current"
2 "cycle"
2 "data"
2 "de"
2 "death"
2 "dedicated"
2 "depleted"
2 "design"
2 "destroy"
2 "developers"
2 "developing"
2 "did"
2 "dies"
2 "differs"
2 "dimension"
2 "dirt"
2 "discussed"
2 "displayed"
2 "distance"
2 "don"
2 "downloadable"
2 "downloads"
2 "dragon"
2 "dubbed"
2 "during"
2 "each"
2 "easier"
2 "easily"
2 "effects"
2 "eighth"
2 "either"
2 "electrical"
2 "electronic"
2 "emeralds"
2 "employees"
2 "ended"
2 "enhance"
2 "enter"
2 "entering"
2 "environmental"
2 "episode"
2 "episodic"
2 "especially"
2 "event"
2 "eventually"
2 "example"
2 "exhibits"
2 "expanded"
2 "explore"
2 "family"
2 "fans"
2 "few"
2 "fighting"
2 "file"
2 "fixed"
2 "footage"
2 "freedom"
2 "freely"
2 "functionality"
2 "gamesNintendo"
2 "gamesWii"
2 "gamesWindows"
2 "get"
2 "gives"
2 "go"
2 "goods"
2 "got"
2 "grants"
2 "graphics"
2 "great"
2 "grid"
2 "group"
2 "hardware"
2 "hasn"
2 "hassle"
2 "heavily"
2 "hell"
2 "helped"
2 "highest"
2 "hired"
2 "home"
2 "hosted"
2 "hosting"
2 "iPad"
2 "iPhone"
2 "icon"
2 "ideas"
2 "impact"
2 "improve"
2 "ina"
2 "indie"
2 "information"
2 "instantly"
2 "intellectual"
2 "intended"
2 "introduced"
2 "introducing"
2 "inventory"
2 "invited"
2 "involving"
2 "issued"
2 "join"
2 "kind"
2 "launched"
2 "launching"
2 "lead"
2 "leading"
2 "like"
2 "limit"
2 "limits"
2 "loaded"
2 "local"
2 "look"
2 "lost"
2 "maintain"
2 "maintained"
2 "mechanics"
2 "media"
2 "memorable"
2 "meters"
2 "millions"
2 "mobile"
2 "modes"
2 "modification"
2 "modifications"
2 "mon"
2 "months"
2 "must"
2 "nearby"
2 "nearly"
2 "next"
2 "night"
2 "notes"
2 "noting"
2 "number"
2 "objects"
2 "ones"
2 "option"
2 "organisation"
2 "oriented"
2 "originally"
2 "others"
2 "outside"
2 "overworld"
2 "owned"
2 "owners"
2 "ownership"
2 "owns"
2 "panel"
2 "parks"
2 "parodies"
2 "parody"
2 "part"
2 "pattern"
2 "photos"
2 "pickaxes"
2 "planned"
2 "planning"
2 "played"
2 "plugins"
2 "ported"
2 "positive"
2 "praise"
2 "praised"
2 "primarily"
2 "primitive"
2 "printers"
2 "property"
2 "published"
2 "publisher"
2 "purchases"
2 "reading"
2 "real"
2 "receiving"
2 "reception"
2 "redesign"
2 "redstone"
2 "referenced"
2 "references"
2 "releasing"
2 "required"
2 "restrictions"
2 "revenue"
2 "reviews"
2 "role"
2 "rules"
2 "saying"
2 "school"
2 "schools"
2 "see"
2 "sell"
2 "share"
2 "showed"
2 "shows"
2 "signed"
2 "simulation"
2 "skins"
2 "so"
2 "solid"
2 "sound"
2 "source"
2 "special"
2 "spectator"
2 "spin"
2 "started"
2 "steps"
2 "store"
2 "student"
2 "subjects"
2 "svg"
2 "systems"
2 "tasks"
2 "teachers"
2 "team"
2 "themed"
2 "these"
2 "third"
2 "those"
2 "titles"
2 "today"
2 "too"
2 "took"
2 "top"
2 "towards"
2 "trade"
2 "trademark"
2 "trailer"
2 "tutorials"
2 "upon"
2 "usually"
2 "visual"
2 "visualise"
2 "we"
2 "weapons"
2 "webcomic"
2 "what"
2 "while"
2 "working"
2 "your"
1 ""
1 "ABC"
1 "ANNOUNCES"
1 "ARTPOP"
1 "AWARDS"
1 "Ace"
1 "Achievements"
1 "Acquires"
1 "Adam"
1 "Adams"
1 "Addicting"
1 "Additionally"
1 "Agent"
1 "Aggregate"
1 "Aggregator"
1 "Alexa"
1 "Alexander"
1 "Alexandra"
1 "Allegra"
1 "Alloy"
1 "Already"
1 "Also"
1 "Always"
1 "Amnesia"
1 "Anaheim"
1 "Andy"
1 "Anita"
1 "Annenberg"
1 "Announces"
1 "Annual"
1 "Apart"
1 "App"
1 "Area"
1 "Arrive"
1 "Artist"
1 "Arts"
1 "Ashdown"
1 "Ashley"
1 "Asia"
1 "Assassin"
1 "Asturianu"
1 "Attribution"
1 "Audience"
1 "Az"
1 "B"
1 "Bafta"
1 "Basa"
1 "Bass"
1 "Bay"
1 "Bed"
1 "Ben"
1 "Bendixsen"
1 "Benedetti"
1 "Berkeley"
1 "Biessener"
1 "Billionaire"
1 "Billionaires"
1 "Billy"
1 "Binding"
1 "BiomeShock"
1 "Blockbuster"
1 "Blocks"
1 "Blocky"
1 "Bloomberg"
1 "Bogart"
1 "Bomb"
1 "Boots"
1 "Borderlands"
1 "Borthwick"
1 "Box"
1 "Brandon"
1 "Breaks"
1 "Brenna"
1 "Brezhoneg"
1 "Brits"
1 "Budget"
1 "Build"
1 "Built"
1 "Bukkit"
1 "Busch"
1 "But"
1 "Buy"
1 "CA"
1 "CDs"
1 "CPU"
1 "Calvin"
1 "Campbell"
1 "Carl"
1 "Carless"
1 "Carlo"
1 "Casino"
1 "CastleMiner"
1 "Catal"
1 "Categories"
1 "Category"
1 "Catherine"
1 "Cebuano"
1 "Cellan"
1 "Center"
1 "Chain"
1 "Changed"
1 "Changing"
1 "Chapple"
1 "Charles"
1 "Chatfield"
1 "Chavacano"
1 "Cheats"
1 "Chockablock"
1 "Choplifter"
1 "Christmas"
1 "Christopher"
1 "Cite"
1 "Classroom"
1 "Click"
1 "Cliffy"
1 "Clive"
1 "Code"
1 "Cody"
1 "Colin"
1 "Comes"
1 "Common"
1 "Communication"
1 "Competition"
1 "Complex"
1 "Composer"
1 "Conditt"
1 "Consisting"
1 "Contact"
1 "Continues"
1 "Controls"
1 "Convention"
1 "Copies"
1 "Cork"
1 "Corporation"
1 "Corriera"
1 "Cory"
1 "Cost"
1 "Craft"
1 "CraftWorld"
1 "Craig"
1 "Create"
1 "Creates"
1 "Creators"
1 "Crecente"
1 "Credits"
1 "Creed"
1 "Creeping"
1 "Critic"
1 "Current"
1 "Customers"
1 "Cymraeg"
1 "Cypronia"
1 "DL"
1 "DLC"
1 "DMCA"
1 "Damien"
1 "Damn"
1 "Dance"
1 "Danmark"
1 "Dansk"
1 "Data"
1 "Dave"
1 "Day"
1 "Deadmau"
1 "Dear"
1 "Debut"
1 "Demystification"
1 "Depending"
1 "Design"
1 "Designer"
1 "Details"
1 "Deutsch"
1 "Develop"
1 "Developer"
1 "Developing"
1 "Dig"
1 "Dina"
1 "Dinnerbone"
1 "Disneyland"
1 "Doctorow"
1 "Domestic"
1 "Donate"
1 "Donlan"
1 "Donnell"
1 "Down"
1 "Downloads"
1 "Draft"
1 "Dragons"
1 "Draws"
1 "Drive"
1 "Dropped"
1 "Dungeon"
1 "During"
1 "Dwarf"
1 "Dyer"
1 "Dynamics"
1 "EXCLUSIVE"
1 "Edit"
1 "Editor"
1 "Eesti"
1 "Egmont"
1 "Elder"
1 "Electronic"
1 "Emil"
1 "Emulator"
1 "Enchanted"
1 "Ending"
1 "Engadget"
1 "English"
1 "Episode"
1 "Equalizer"
1 "Escapist"
1 "Espa"
1 "Esperanto"
1 "Essays"
1 "Esther"
1 "European"
1 "Euskara"
1 "Evan"
1 "Ever"
1 "Everquest"
1 "Everything"
1 "Examples"
1 "Exhibit"
1 "Experience"
1 "Explained"
1 "Expo"
1 "F"
1 "FACT"
1 "FInley"
1 "FTL"
1 "Fahey"
1 "Fame"
1 "Familiar"
1 "Famitsu"
1 "Faster"
1 "Faubert"
1 "Featured"
1 "Feldman"
1 "Fennoy"
1 "Fernandez"
1 "Ferrendelli"
1 "Finalists"
1 "Find"
1 "Finger"
1 "Finley"
1 "Fleming"
1 "Focus"
1 "FortressCraft"
1 "Fran"
1 "Francis"
1 "Frank"
1 "Free"
1 "Fruzsina"
1 "Frysk"
1 "Full"
1 "FyreUK"
1 "GG"
1 "GJA"
1 "GMT"
1 "GNU"
1 "Gaeilge"
1 "Galaxy"
1 "Galego"
1 "Gallagher"
1 "Galuppo"
1 "GameDVR"
1 "GameFly"
1 "Gamechoiceawards"
1 "Gamepedia"
1 "GamesRadar"
1 "Gamings"
1 "Garrelts"
1 "Geere"
1 "Generation"
1 "Genre"
1 "Geodatastyrelsen"
1 "German"
1 "Get"
1 "Getting"
1 "Ghost"
1 "Giant"
1 "Giving"
1 "Global"
1 "God"
1 "Goldberg"
1 "Golden"
1 "Goldfarb"
1 "Goop"
1 "Gradual"
1 "Graham"
1 "Grayson"
1 "Greg"
1 "Griffin"
1 "Gun"
1 "HD"
1 "HTC"
1 "HUD"
1 "Haley"
1 "Hall"
1 "Hamilton"
1 "Handy"
1 "Hard"
1 "Has"
1 "Hatfield"
1 "Hauntings"
1 "Hawkins"
1 "Heading"
1 "Health"
1 "Heather"
1 "Help"
1 "Here"
1 "Hill"
1 "Hillier"
1 "Hindes"
1 "Hiring"
1 "Hoaxes"
1 "Holkins"
1 "Honor"
1 "Honors"
1 "Horse"
1 "Hotel"
1 "Hrvatski"
1 "Hryb"
1 "Human"
1 "Hunger"
1 "Hutchinson"
1 "Hybrid"
1 "IDG"
1 "IGF"
1 "II"
1 "Ideas"
1 "Ido"
1 "Images"
1 "Incoming"
1 "Indev"
1 "Indonesia"
1 "Infdev"
1 "Informative"
1 "Innovation"
1 "Innovative"
1 "InterActiveCorp"
1 "Interaction"
1 "Interview"
1 "Introduces"
1 "Irish"
1 "Isaac"
1 "Italiano"
1 "Jalbum"
1 "Japanese"
1 "Jawa"
1 "Jeb"
1 "Jeff"
1 "Jefferson"
1 "Jenna"
1 "Jenni"
1 "Jeremy"
1 "Jerry"
1 "Jesse"
1 "Jessica"
1 "Jinx"
1 "Joe"
1 "Johnson"
1 "Jones"
1 "Jordan"
1 "Josh"
1 "Joystick"
1 "Jr"
1 "Julia"
1 "Just"
1 "K"
1 "Kapampangan"
1 "Keeper"
1 "Keith"
1 "Kelion"
1 "Kennedy"
1 "Kibera"
1 "Killing"
1 "Kirk"
1 "Kizzycocoa"
1 "Klepek"
1 "Know"
1 "Korean"
1 "Kvarter"
1 "Kyle"
1 "LAN"
1 "LPs"
1 "Lab"
1 "Languages"
1 "Lanskin"
1 "Large"
1 "Larry"
1 "Las"
1 "Later"
1 "Latest"
1 "Latina"
1 "Latvie"
1 "Launching"
1 "Legend"
1 "Leo"
1 "Lesser"
1 "Liam"
1 "Liebl"
1 "Lietuvi"
1 "Light"
1 "Like"
1 "Liquids"
1 "Lite"
1 "Living"
1 "Local"
1 "Looks"
1 "Ltd"
1 "Lumbaart"
1 "Lydia"
1 "MCV"
1 "MENU"
1 "MIT"
1 "MacManus"
1 "Machinima"
1 "Magyar"
1 "Major"
1 "Maker"
1 "MakerBot"
1 "Mandalay"
1 "Mania"
1 "Many"
1 "Map"
1 "Mariella"
1 "Market"
1 "Marketplace"
1 "Maron"
1 "Marriott"
1 "Martha"
1 "Martin"
1 "Mash"
1 "Masterpieces"
1 "Max"
1 "McDougal"
1 "McElroy"
1 "McFarland"
1 "McFerran"
1 "Meat"
1 "MediaWiki"
1 "Melayu"
1 "Merch"
1 "Mia"
1 "Might"
1 "Mina"
1 "Miner"
1 "Minicraft"
1 "Mining"
1 "Mirror"
1 "Mitch"
1 "Miyamoto"
1 "Mod"
1 "Modern"
1 "Modifications"
1 "Moments"
1 "Moon"
1 "Multiple"
1 "Murder"
1 "Murphy"
1 "My"
1 "N"
1 "NBC"
1 "NBCUniversal"
1 "NC"
1 "NEXT"
1 "Nairobi"
1 "Napulitano"
1 "Nate"
1 "Nations"
1 "Navigation"
1 "Nederlands"
1 "Nelson"
1 "Nextmedia"
1 "Nichols"
1 "Nicholson"
1 "Nicole"
1 "Non"
1 "Number"
1 "Nunneley"
1 "O"
1 "OXM"
1 "Occitan"
1 "Och"
1 "Oct"
1 "Okay"
1 "Olivia"
1 "Only"
1 "OpenVR"
1 "Operators"
1 "Ops"
1 "Order"
1 "Original"
1 "Orland"
1 "Orlando"
1 "Oswalt"
1 "Oxeye"
1 "PCGamesN"
1 "PDF"
1 "PSY"
1 "Pack"
1 "Papiamentu"
1 "Partners"
1 "Pass"
1 "Patrick"
1 "Patton"
1 "Paying"
1 "Peachpit"
1 "Pennsylvania"
1 "Perfectly"
1 "Perform"
1 "Permanent"
1 "Phil"
1 "Philadelphia"
1 "Philippa"
1 "Picked"
1 "Pigmen"
1 "Pitcher"
1 "Planning"
1 "Plimpton"
1 "Plunkett"
1 "Policy"
1 "Polski"
1 "Poole"
1 "Popular"
1 "Porn"
1 "Porter"
1 "Portugu"
1 "Posehn"
1 "Possibilities"
1 "Post"
1 "Postmortem"
1 "PowerPlay"
1 "Powered"
1 "Prepare"
1 "Print"
1 "Printable"
1 "Producing"
1 "Productions"
1 "Protalinski"
1 "Publication"
1 "Publisher"
1 "Purchese"
1 "Purewal"
1 "PvP"
1 "RPG"
1 "Random"
1 "Ray"
1 "Reaches"
1 "Reactor"
1 "ReadWrite"
1 "Ready"
1 "Recent"
1 "Recently"
1 "Records"
1 "Reddit"
1 "Registered"
1 "Reinhart"
1 "Related"
1 "RepRap"
1 "Repeat"
1 "Reporter"
1 "Research"
1 "Reubens"
1 "Reveals"
1 "Revenue"
1 "Revisited"
1 "Rights"
1 "Rising"
1 "Robert"
1 "Robinson"
1 "Rom"
1 "Rory"
1 "Rose"
1 "Rumour"
1 "Run"
1 "RuneScape"
1 "Ryan"
1 "SAY"
1 "SCE"
1 "SK"
1 "SPIKE"
1 "STEM"
1 "Said"
1 "Sale"
1 "Sam"
1 "Samantha"
1 "Samit"
1 "Samsung"
1 "Sandbox"
1 "Sarah"
1 "Sarkar"
1 "Savage"
1 "School"
1 "Schreier"
1 "Scots"
1 "Screen"
1 "Screens"
1 "Scribe"
1 "Search"
1 "Season"
1 "Sebastian"
1 "Seed"
1 "Services"
1 "Sets"
1 "Settings"
1 "Seven"
1 "Shacknews"
1 "ShareAlike"
1 "Shaw"
1 "Shields"
1 "Shigeru"
1 "Short"
1 "Shqip"
1 "Silverman"
1 "Similar"
1 "Simon"
1 "Simple"
1 "Singleplayer"
1 "Six"
1 "Skeleton"
1 "Skyrim"
1 "Smith"
1 "So"
1 "Sold"
1 "Sophia"
1 "Sorry"
1 "Spades"
1 "Spawned"
1 "Spider"
1 "Spillman"
1 "Stalker"
1 "Statistics"
1 "Steinlage"
1 "Stephanie"
1 "Stephany"
1 "Steve"
1 "Steven"
1 "Streaming"
1 "Strengthened"
1 "Stuart"
1 "Such"
1 "Sumter"
1 "Sunny"
1 "Suomi"
1 "Support"
1 "Surface"
1 "Sustainable"
1 "Svenska"
1 "Sweden"
1 "SwedenVideo"
1 "TIGSource"
1 "Taber"
1 "Tagalog"
1 "Tale"
1 "Talks"
1 "Taps"
1 "Tate"
1 "Technical"
1 "Temple"
1 "Terms"
1 "Terraria"
1 "Test"
1 "Text"
1 "Texture"
1 "That"
1 "They"
1 "Thompson"
1 "Those"
1 "Through"
1 "Throughout"
1 "Ti"
1 "Tickets"
1 "Titled"
1 "Tito"
1 "Toivonen"
1 "Tong"
1 "Tools"
1 "Tooth"
1 "Torchlight"
1 "Total"
1 "Toy"
1 "Trading"
1 "Trailer"
1 "Trinity"
1 "Trouble"
1 "Two"
1 "UCraft"
1 "Uk"
1 "Understanding"
1 "United"
1 "Unity"
1 "Universal"
1 "University"
1 "Unlikely"
1 "Until"
1 "Updated"
1 "Updates"
1 "Upload"
1 "Use"
1 "Users"
1 "Using"
1 "V"
1 "VGA"
1 "VIDEO"
1 "Valve"
1 "Various"
1 "Vector"
1 "Vegas"
1 "VentureBeat"
1 "Version"
1 "Very"
1 "Vi"
1 "Via"
1 "Videogamer"
1 "Villagers"
1 "Vive"
1 "WINNERS"
1 "WPVG"
1 "WU"
1 "Want"
1 "Ward"
1 "Warr"
1 "Watch"
1 "Watt"
1 "Watts"
1 "Wawro"
1 "Waxman"
1 "Way"
1 "We"
1 "Web"
1 "Week"
1 "Weirdest"
1 "Wesley"
1 "West"
1 "Whaddaya"
1 "Where"
1 "While"
1 "Why"
1 "WikipediaDevelopersCookie"
1 "WikipediaDisclaimersContact"
1 "Will"
1 "Williams"
1 "Winaray"
1 "Winda"
1 "Winters"
1 "Wither"
1 "Within"
1 "Wobbly"
1 "Wolves"
1 "Woman"
1 "Wonder"
1 "Word"
1 "Work"
1 "Worlds"
1 "Write"
1 "Xperia"
1 "Yin"
1 "Yogscast"
1 "YouTuber"
1 "Zamboanga"
1 "Ze"
1 "Zelda"
1 "abilities"
1 "above"
1 "accessed"
1 "accessible"
1 "accolades"
1 "accomplish"
1 "according"
1 "account"
1 "accountLog"
1 "achieves"
1 "acquired"
1 "acquires"
1 "acting"
1 "activity"
1 "addictiveness"
1 "addresses"
1 "adventurers"
1 "adventuring"
1 "advertised"
1 "affluence"
1 "affordable"
1 "aforementioned"
1 "agree"
1 "ahead"
1 "ais"
1 "alone"
1 "alongside"
1 "alter"
1 "alternate"
1 "always"
1 "am"
1 "ambient"
1 "amount"
1 "analogous"
1 "animated"
1 "annuals"
1 "apparently"
1 "appeared"
1 "appears"
1 "application"
1 "applications"
1 "applied"
1 "apply"
1 "appreciated"
1 "approved"
1 "architecture"
1 "area"
1 "arranged"
1 "arrays"
1 "arrive"
1 "arrives"
1 "articles"
1 "artist"
1 "asking"
1 "aspects"
1 "assets"
1 "attained"
1 "attendance"
1 "attendee"
1 "attendees"
1 "autograph"
1 "automatic"
1 "automatically"
1 "average"
1 "background"
1 "backing"
1 "balance"
1 "banned"
1 "barren"
1 "barricaded"
1 "bartering"
1 "basic"
1 "basis"
1 "beacon"
1 "beats"
1 "became"
1 "because"
1 "become"
1 "becomes"
1 "bed"
1 "begin"
1 "beginner"
1 "begins"
1 "besides"
1 "better"
1 "big"
1 "billions"
1 "biome"
1 "biomes"
1 "black"
1 "bodies"
1 "bokm"
1 "booming"
1 "boosted"
1 "bought"
1 "box"
1 "boys"
1 "break"
1 "breaking"
1 "breakout"
1 "breaks"
1 "breeding"
1 "brick"
1 "broke"
1 "bucket"
1 "bug"
1 "buildin"
1 "builds"
1 "business"
1 "cannot"
1 "capture"
1 "carry"
1 "cast"
1 "categories"
1 "centres"
1 "challenges"
1 "chan"
1 "change"
1 "changeable"
1 "changed"
1 "characteristics"
1 "charge"
1 "chart"
1 "charts"
1 "chickens"
1 "choosing"
1 "chop"
1 "chose"
1 "chosen"
1 "clarify"
1 "classes"
1 "classroom"
1 "classrooms"
1 "clearer"
1 "clip"
1 "clock"
1 "closely"
1 "clothing"
1 "clunky"
1 "co"
1 "collaborates"
1 "collaboration"
1 "collect"
1 "combat"
1 "come"
1 "comes"
1 "comics"
1 "commemorative"
1 "commended"
1 "commercially"
1 "communicate"
1 "communities"
1 "companies"
1 "compatible"
1 "complaints"
1 "complimented"
1 "concentrates"
1 "concern"
1 "concerning"
1 "conducted"
1 "conference"
1 "conjunction"
1 "conquering"
1 "consist"
1 "consists"
1 "constructed"
1 "contagiously"
1 "contains"
1 "contents"
1 "contest"
1 "contests"
1 "continued"
1 "continuously"
1 "contrast"
1 "convention"
1 "cooking"
1 "cooperation"
1 "corporation"
1 "correct"
1 "costume"
1 "costumes"
1 "counters"
1 "countries"
1 "country"
1 "coverage"
1 "cows"
1 "cracks"
1 "crafts"
1 "creating"
1 "creativity"
1 "creator"
1 "credits"
1 "criticism"
1 "cues"
1 "cult"
1 "culture"
1 "currency"
1 "customs"
1 "dark"
1 "darker"
1 "dated"
1 "days"
1 "daytime"
1 "dear"
1 "debut"
1 "debuted"
1 "decisions"
1 "declared"
1 "deeming"
1 "defeat"
1 "delayed"
1 "deleted"
1 "deplete"
1 "described"
1 "describing"
1 "deserts"
1 "designing"
1 "designs"
1 "despawn"
1 "destroying"
1 "developmental"
1 "diamond"
1 "die"
1 "difference"
1 "differences"
1 "differently"
1 "difficult"
1 "dig"
1 "digitally"
1 "dimensional"
1 "dimensions"
1 "directed"
1 "director"
1 "disambiguation"
1 "disc"
1 "discontinued"
1 "distances"
1 "distant"
1 "distracting"
1 "distributed"
1 "divided"
1 "dl"
1 "documentary"
1 "dollars"
1 "dom"
1 "downgraded"
1 "drain"
1 "dresses"
1 "drive"
1 "driven"
1 "dropped"
1 "drops"
1 "drowning"
1 "dummies"
1 "durability"
1 "dwells"
1 "dying"
1 "earlier"
1 "earned"
1 "ease"
1 "easiest"
1 "eating"
1 "edit"
1 "edits"
1 "elementary"
1 "elevation"
1 "elsewhere"
1 "emergent"
1 "employment"
1 "emulators"
1 "enabled"
1 "enables"
1 "enabling"
1 "enchanting"
1 "encounter"
1 "encyclopedia"
1 "end"
1 "ending"
1 "endless"
1 "endorsed"
1 "enemies"
1 "engage"
1 "enhancements"
1 "enormous"
1 "enough"
1 "entertainment"
1 "entire"
1 "environment"
1 "envision"
1 "epic"
1 "essentially"
1 "estimated"
1 "etc"
1 "even"
1 "everyday"
1 "exclusive"
1 "exhibit"
1 "existed"
1 "expand"
1 "experiences"
1 "explained"
1 "explains"
1 "exploding"
1 "exploration"
1 "exploring"
1 "export"
1 "extension"
1 "extensively"
1 "extremely"
1 "f"
1 "facilitate"
1 "failure"
1 "falling"
1 "falls"
1 "favourably"
1 "featuring"
1 "feel"
1 "fields"
1 "figure"
1 "final"
1 "finale"
1 "find"
1 "finite"
1 "fit"
1 "fixes"
1 "flagship"
1 "flattest"
1 "flow"
1 "flows"
1 "foam"
1 "focus"
1 "follows"
1 "forests"
1 "fork"
1 "formed"
1 "forums"
1 "found"
1 "franchises"
1 "fullness"
1 "fullscale"
1 "fully"
1 "fun"
1 "function"
1 "functional"
1 "functions"
1 "fundamentals"
1 "future"
1 "g"
1 "gain"
1 "gamesAndroid"
1 "gamesConstruction"
1 "gamesEarly"
1 "gamesIOS"
1 "gamesIndependent"
1 "gamesJava"
1 "gamesKinect"
1 "gamesLinux"
1 "gamesMacOS"
1 "gamesMicrosoft"
1 "gamesMojangMultiplayer"
1 "gamesOpen"
1 "gamesSeumas"
1 "gamesSurvival"
1 "gamesVideo"
1 "gamesZombie"
1 "gates"
1 "gathering"
1 "gave"
1 "geeky"
1 "generation"
1 "generative"
1 "geodata"
1 "gets"
1 "getting"
1 "gh"
1 "given"
1 "giver"
1 "glitches"
1 "goal"
1 "goals"
1 "gradually"
1 "graphicsVirtual"
1 "grass"
1 "gravity"
1 "green"
1 "gruff"
1 "guaranteed"
1 "guide"
1 "guided"
1 "handbooks"
1 "happened"
1 "hardest"
1 "haste"
1 "haven"
1 "hazards"
1 "healing"
1 "heard"
1 "hele"
1 "helpful"
1 "helps"
1 "her"
1 "heroes"
1 "hide"
1 "highly"
1 "hinder"
1 "historical"
1 "history"
1 "historySearch"
1 "hits"
1 "hopes"
1 "horizontal"
1 "hosts"
1 "hotbar"
1 "hunted"
1 "i"
1 "idea"
1 "identical"
1 "ign"
1 "image"
1 "important"
1 "impressed"
1 "inArticleTalkReadView"
1 "inTalkContributionsCreate"
1 "inability"
1 "incomplete"
1 "increasingly"
1 "infinitely"
1 "influenced"
1 "info"
1 "informal"
1 "initially"
1 "initiative"
1 "insofar"
1 "inspiration"
1 "inspirations"
1 "inspired"
1 "install"
1 "instance"
1 "instructions"
1 "integer"
1 "integers"
1 "interact"
1 "interacting"
1 "interactions"
1 "interconnected"
1 "interested"
1 "interesting"
1 "internationally"
1 "introduces"
1 "introduction"
1 "intuitive"
1 "intuitively"
1 "inventories"
1 "invisible"
1 "invite"
1 "iron"
1 "isometric"
1 "itself"
1 "jag"
1 "jeb"
1 "job"
1 "journey"
1 "jungle"
1 "jungles"
1 "keyboard"
1 "keynote"
1 "kill"
1 "killing"
1 "kilobytes"
1 "l"
1 "label"
1 "land"
1 "landmarks"
1 "lands"
1 "larger"
1 "largest"
1 "lasting"
1 "launches"
1 "lawyers"
1 "leaked"
1 "learned"
1 "learning"
1 "least"
1 "leaves"
1 "led"
1 "left"
1 "let"
1 "level"
1 "levels"
1 "levelsVideo"
1 "licensed"
1 "lies"
1 "liked"
1 "link"
1 "listed"
1 "live"
1 "ll"
1 "loading"
1 "locally"
1 "locked"
1 "logged"
1 "logic"
1 "logically"
1 "logo"
1 "looking"
1 "low"
1 "lyrical"
1 "magazines"
1 "mainly"
1 "majornelson"
1 "maker"
1 "management"
1 "managing"
1 "manipulate"
1 "manually"
1 "mapmaker"
1 "mapmakers"
1 "master"
1 "me"
1 "mechanical"
1 "mechanisms"
1 "med"
1 "member"
1 "members"
1 "memory"
1 "micken"
1 "might"
1 "migrating"
1 "milestone"
1 "milestones"
1 "mine"
1 "minecraft"
1 "minimaps"
1 "mining"
1 "minutes"
1 "missed"
1 "mitigate"
1 "mixed"
1 "mob"
1 "model"
1 "modified"
1 "modify"
1 "mojang"
1 "money"
1 "month"
1 "mountains"
1 "mouth"
1 "move"
1 "moved"
1 "movement"
1 "n"
1 "narrative"
1 "natural"
1 "nb"
1 "necessarily"
1 "need"
1 "negative"
1 "neighbourhood"
1 "neighbourhoods"
1 "network"
1 "newer"
1 "newly"
1 "news"
1 "ng"
1 "nighttime"
1 "nominees"
1 "noowanda"
1 "normally"
1 "note"
1 "notebook"
1 "notebooks"
1 "numerous"
1 "nynorsk"
1 "objective"
1 "observance"
1 "obtain"
1 "obtained"
1 "occur"
1 "occurred"
1 "offer"
1 "offers"
1 "office"
1 "offset"
1 "ol"
1 "old"
1 "opened"
1 "operators"
1 "orden"
1 "organization"
1 "our"
1 "outselling"
1 "outsold"
1 "overflowing"
1 "overs"
1 "overwriting"
1 "pages"
1 "paid"
1 "parents"
1 "participate"
1 "partnership"
1 "parts"
1 "passar"
1 "passed"
1 "patch"
1 "pathfinding"
1 "peaceful"
1 "per"
1 "perfect"
1 "perform"
1 "performances"
1 "permanent"
1 "personal"
1 "personnel"
1 "physics"
1 "pick"
1 "picture"
1 "pigs"
1 "pilot"
1 "pixel"
1 "placeable"
1 "places"
1 "plains"
1 "plane"
1 "playVideo"
1 "plus"
1 "pm"
1 "pocket"
1 "poetry"
1 "points"
1 "policyAbout"
1 "political"
1 "popularised"
1 "popularising"
1 "portals"
1 "portray"
1 "positions"
1 "positively"
1 "possibility"
1 "post"
1 "posted"
1 "poster"
1 "posts"
1 "powerful"
1 "pp"
1 "preferably"
1 "preorder"
1 "present"
1 "presented"
1 "presents"
1 "press"
1 "prevents"
1 "primary"
1 "printed"
1 "prior"
1 "prize"
1 "problems"
1 "process"
1 "produce"
1 "producers"
1 "produces"
1 "production"
1 "products"
1 "professional"
1 "profit"
1 "profitable"
1 "promotion"
1 "promotional"
1 "prompting"
1 "prop"
1 "prospect"
1 "protected"
1 "prototypes"
1 "provide"
1 "provider"
1 "publications"
1 "pulled"
1 "purchase"
1 "purchased"
1 "purchasing"
1 "puzzles"
1 "quarter"
1 "questioned"
1 "quests"
1 "quit"
1 "radius"
1 "ranking"
1 "rapper"
1 "rbaycanca"
1 "rd"
1 "reach"
1 "readers"
1 "realm"
1 "reason"
1 "recipes"
1 "recommended"
1 "reconstruct"
1 "record"
1 "records"
1 "recovered"
1 "recreate"
1 "recreated"
1 "recreates"
1 "refilled"
1 "reflect"
1 "regarded"
1 "regarding"
1 "regardless"
1 "regenerates"
1 "regularly"
1 "remove"
1 "removed"
1 "render"
1 "rendered"
1 "rendering"
1 "replaced"
1 "replacing"
1 "replenishes"
1 "reported"
1 "represent"
1 "representing"
1 "require"
1 "requiring"
1 "resembled"
1 "reset"
1 "resistance"
1 "resolution"
1 "respectively"
1 "response"
1 "responsible"
1 "rest"
1 "restricted"
1 "resulted"
1 "retain"
1 "revealing"
1 "revision"
1 "revolutionary"
1 "revolves"
1 "rk"
1 "rough"
1 "roughly"
1 "royskt"
1 "rumours"
1 "running"
1 "runs"
1 "safely"
1 "sandstone"
1 "save"
1 "saved"
1 "saving"
1 "saw"
1 "scared"
1 "scene"
1 "schemes"
1 "science"
1 "scooping"
1 "scope"
1 "score"
1 "scores"
1 "scout"
1 "screenshots"
1 "sea"
1 "season"
1 "sections"
1 "seed"
1 "seem"
1 "semi"
1 "service"
1 "settings"
1 "settlements"
1 "setup"
1 "seventeenth"
1 "shadow"
1 "shareable"
1 "shelter"
1 "shirts"
1 "shortly"
1 "shovels"
1 "showing"
1 "shown"
1 "shuts"
1 "significant"
1 "signs"
1 "similarities"
1 "simplified"
1 "sister"
1 "site"
1 "sites"
1 "skeletons"
1 "skin"
1 "slayed"
1 "sleep"
1 "slenska"
1 "smaller"
1 "smallest"
1 "smashed"
1 "smelting"
1 "snapshot"
1 "sneaks"
1 "snowfields"
1 "socks"
1 "software"
1 "soil"
1 "something"
1 "soon"
1 "sorry"
1 "sounds"
1 "soundtracks"
1 "sourceView"
1 "spaces"
1 "span"
1 "spawning"
1 "specially"
1 "specified"
1 "speeches"
1 "spent"
1 "spiders"
1 "split"
1 "splitting"
1 "spoken"
1 "srpski"
1 "stairs"
1 "standalone"
1 "standard"
1 "stars"
1 "starting"
1 "starvation"
1 "statementMobile"
1 "stating"
1 "status"
1 "stereoscopic"
1 "stop"
1 "stored"
1 "story"
1 "strange"
1 "stream"
1 "struggling"
1 "submitted"
1 "subsequent"
1 "substantial"
1 "successful"
1 "suddenly"
1 "suffocation"
1 "suggested"
1 "summer"
1 "sun"
1 "superior"
1 "supply"
1 "supported"
1 "supporting"
1 "supports"
1 "surface"
1 "surge"
1 "surpassed"
1 "svgMicrosoft"
1 "svgSweden"
1 "svgVideo"
1 "sword"
1 "swords"
1 "taken"
1 "takes"
1 "taking"
1 "talks"
1 "teacher"
1 "teaching"
1 "teased"
1 "technical"
1 "teleporting"
1 "television"
1 "template"
1 "ten"
1 "terms"
1 "terrain"
1 "testing"
1 "text"
1 "textured"
1 "textures"
1 "thing"
1 "thrown"
1 "thus"
1 "times"
1 "tina"
1 "tips"
1 "together"
1 "topics"
1 "tops"
1 "total"
1 "touchscreen"
1 "town"
1 "toys"
1 "tracks"
1 "training"
1 "transparent"
1 "travel"
1 "tree"
1 "trees"
1 "tricked"
1 "tries"
1 "tripwires"
1 "troublesome"
1 "trunks"
1 "trying"
1 "tutorial"
1 "tweet"
1 "twelfth"
1 "twenty"
1 "tycoons"
1 "types"
1 "u"
1 "unfinished"
1 "unge"
1 "unless"
1 "unlike"
1 "unlikely"
1 "unlimited"
1 "unlocked"
1 "unpaid"
1 "unparalleled"
1 "unrealistic"
1 "until"
1 "upgrade"
1 "uploaded"
1 "upwards"
1 "urban"
1 "urged"
1 "usernames"
1 "uses"
1 "uws"
1 "validity"
1 "value"
1 "variant"
1 "varies"
1 "ve"
1 "versus"
1 "videogame"
1 "viewWikimedia"
1 "views"
1 "village"
1 "villager"
1 "villagers"
1 "virtually"
1 "visualised"
1 "voice"
1 "voiced"
1 "voted"
1 "voters"
1 "votes"
1 "waiting"
1 "walk"
1 "walkthroughs"
1 "walls"
1 "watch"
1 "watched"
1 "waypoints"
1 "ways"
1 "web"
1 "website"
1 "week"
1 "weird"
1 "wheat"
1 "whole"
1 "why"
1 "wiki"
1 "winner"
1 "winners"
1 "winnersIndie"
1 "winnersSplit"
1 "winning"
1 "wins"
1 "word"
1 "worldwide"
1 "wrote"
1 "yet"
1 "younger"
1 "youth"
1 "zombies"
