20 "the"
14 "of"
12 "a"
11 "languages"
11 "to"
7 "and"
7 "imperative"
6 "sequencing"
5 "abstraction"
5 "are"
5 "programming"
5 "task"
4 "as"
4 "can"
4 "for"
4 "have"
4 "is"
3 "Haskell"
3 "The"
3 "functional"
3 "language"
3 "level"
3 "management"
3 "never"
3 "not"
3 "problem"
3 "that"
3 "they"
2 "C"
2 "This"
2 "actions"
2 "allocating"
2 "by"
2 "computer"
2 "has"
2 "how"
2 "in"
2 "it"
2 "keywords"
2 "loops"
2 "memory"
2 "more"
2 "most"
2 "new"
2 "only"
2 "or"
2 "part"
2 "programmer"
2 "resource"
2 "same"
2 "standard"
2 "step"
2 "such"
1 ""
1 "But"
1 "For"
1 "Functional"
1 "Imperative"
1 "In"
1 "Java"
1 "Programming"
1 "Python"
1 "Rather"
1 "Resource"
1 "Sequencing"
1 "There"
1 "What"
1 "You"
1 "above"
1 "algorithm"
1 "all"
1 "also"
1 "although"
1 "an"
1 "area"
1 "areas"
1 "based"
1 "be"
1 "because"
1 "been"
1 "between"
1 "book"
1 "called"
1 "care"
1 "close"
1 "cluttering"
1 "collection"
1 "commands"
1 "completely"
1 "compute"
1 "computed"
1 "consist"
1 "constructing"
1 "different"
1 "differently"
1 "do"
1 "done"
1 "easy"
1 "escape"
1 "evaluate"
1 "example"
1 "execute"
1 "explicitly"
1 "expressions"
1 "extent"
1 "flexible"
1 "focus"
1 "from"
1 "functions"
1 "fundamental"
1 "garbage"
1 "implemented"
1 "instead"
1 "introduce"
1 "introducing"
1 "itself"
1 "keeping"
1 "lets"
1 "libraries"
1 "longer"
1 "makes"
1 "managing"
1 "means"
1 "nearly"
1 "no"
1 "notion"
1 "on"
1 "perform"
1 "performing"
1 "processor"
1 "program"
1 "quite"
1 "raise"
1 "reach"
1 "registers"
1 "relationship"
1 "remove"
1 "removed"
1 "rise"
1 "sequence"
1 "sequences"
1 "several"
1 "slightly"
1 "so"
1 "solution"
1 "some"
1 "special"
1 "syntax"
1 "target"
1 "tasks"
1 "tells"
1 "tends"
1 "than"
1 "these"
1 "thus"
1 "two"
1 "undergone"
1 "up"
1 "upon"
1 "use"
1 "vast"
1 "way"
1 "well"
1 "what"
1 "when"
1 "work"
1 "you"
1 "yourself"
