171 "a"
167 "the"
115 "s"
89 "to"
77 "is"
76 "of"
59 "State"
58 "and"
56 "that"
54 "we"
52 "it"
50 "in"
44 "function"
38 "f"
38 "for"
38 "you"
32 "type"
31 "Reader"
31 "m"
29 "can"
27 "Monad"
27 "monad"
26 "do"
26 "state"
26 "x"
24 "so"
23 "The"
23 "as"
23 "on"
23 "return"
22 "env"
22 "t"
22 "value"
21 "class"
21 "position"
20 "this"
20 "with"
19 "are"
19 "b"
19 "be"
19 "what"
18 "just"
18 "not"
18 "which"
17 "Functor"
17 "like"
16 "Maybe"
16 "an"
16 "where"
15 "Bool"
15 "MonadState"
15 "our"
14 "at"
14 "get"
14 "instance"
13 "I"
13 "functions"
13 "have"
13 "if"
12 "but"
11 "Applicative"
11 "ask"
11 "fmap"
11 "look"
10 "So"
10 "We"
10 "What"
10 "all"
10 "from"
10 "interp"
10 "need"
10 "use"
10 "would"
9 "This"
9 "about"
9 "also"
9 "application"
9 "case"
9 "does"
9 "g"
9 "or"
9 "other"
9 "runState"
9 "there"
9 "two"
9 "way"
8 "Env"
8 "Term"
8 "by"
8 "data"
8 "game"
8 "good"
8 "into"
8 "lists"
8 "up"
8 "work"
7 "But"
7 "In"
7 "actually"
7 "any"
7 "mfAppend"
7 "more"
7 "one"
7 "put"
7 "reader"
7 "simple"
7 "some"
7 "then"
7 "thing"
7 "us"
7 "used"
7 "want"
7 "your"
6 "Haskell"
6 "StateT"
6 "String"
6 "You"
6 "above"
6 "ap"
6 "bind"
6 "c"
6 "define"
6 "definition"
6 "environment"
6 "first"
6 "how"
6 "its"
6 "local"
6 "maybeAnd"
6 "might"
6 "monads"
6 "name"
6 "new"
6 "no"
6 "runReader"
6 "terms"
6 "through"
6 "ve"
6 "y"
5 "Game"
5 "If"
5 "Int"
5 "Just"
5 "Well"
5 "able"
5 "computation"
5 "declaration"
5 "don"
5 "getNext"
5 "getState"
5 "has"
5 "keep"
5 "ll"
5 "looks"
5 "mfEmpty"
5 "now"
5 "out"
5 "point"
5 "re"
5 "read"
5 "see"
5 "term"
5 "together"
5 "v"
4 "A"
4 "All"
4 "Control"
4 "Failure"
4 "For"
4 "Let"
4 "That"
4 "abstraction"
4 "arbitrary"
4 "argument"
4 "around"
4 "between"
4 "both"
4 "call"
4 "chain"
4 "color"
4 "complicated"
4 "composition"
4 "constructor"
4 "fact"
4 "fromStoAandS"
4 "functors"
4 "here"
4 "initial"
4 "intermediate"
4 "know"
4 "lift"
4 "make"
4 "mind"
4 "most"
4 "multiple"
4 "negamax"
4 "newtype"
4 "nv"
4 "operation"
4 "operations"
4 "parameter"
4 "passing"
4 "provides"
4 "push"
4 "really"
4 "same"
4 "should"
4 "single"
4 "takes"
4 "these"
4 "they"
4 "think"
4 "try"
4 "understand"
4 "values"
4 "very"
4 "when"
4 "will"
3 "Closure"
3 "CurrencyDict"
3 "Finally"
3 "From"
3 "Functional"
3 "GHC"
3 "GameState"
3 "Lam"
3 "Lambda"
3 "Monoid"
3 "MonoidalFunctor"
3 "Multi"
3 "Now"
3 "There"
3 "To"
3 "Value"
3 "abstract"
3 "another"
3 "applied"
3 "arguments"
3 "back"
3 "because"
3 "before"
3 "brings"
3 "calculus"
3 "called"
3 "code"
3 "could"
3 "course"
3 "defined"
3 "doesn"
3 "example"
3 "functional"
3 "functor"
3 "hand"
3 "haskell"
3 "help"
3 "idea"
3 "k"
3 "lambda"
3 "left"
3 "lifted"
3 "math"
3 "module"
3 "natural"
3 "negate"
3 "non"
3 "operator"
3 "own"
3 "parameters"
3 "perhaps"
3 "possible"
3 "remember"
3 "say"
3 "show"
3 "side"
3 "similar"
3 "simplest"
3 "start"
3 "stateFunction"
3 "stateIntString"
3 "structure"
3 "things"
3 "those"
3 "top"
3 "trivial"
3 "types"
3 "useful"
3 "variable"
3 "why"
3 "wrapper"
3 "write"
3 "written"
2 "And"
2 "Apply"
2 "As"
2 "At"
2 "Classes"
2 "Declaration"
2 "Dependencies"
2 "Dollars"
2 "Double"
2 "FirstPlayerWin"
2 "Here"
2 "How"
2 "Identity"
2 "NotOver"
2 "Okay"
2 "On"
2 "SecondPlayerWin"
2 "See"
2 "These"
2 "Tie"
2 "Type"
2 "Unfortunately"
2 "Var"
2 "Which"
2 "after"
2 "algorithm"
2 "allowing"
2 "answer"
2 "anyway"
2 "apply"
2 "approach"
2 "aside"
2 "associated"
2 "bar"
2 "basically"
2 "becomes"
2 "been"
2 "bit"
2 "bits"
2 "business"
2 "classes"
2 "clever"
2 "clos"
2 "common"
2 "computePrice"
2 "const"
2 "counter"
2 "create"
2 "currencies"
2 "currencyDict"
2 "current"
2 "definitions"
2 "dependencies"
2 "dependency"
2 "determines"
2 "dictionary"
2 "different"
2 "discussing"
2 "docs"
2 "doing"
2 "done"
2 "e"
2 "easily"
2 "element"
2 "equivalent"
2 "essentially"
2 "even"
2 "explanation"
2 "extensions"
2 "figure"
2 "fine"
2 "following"
2 "foo"
2 "full"
2 "general"
2 "generalized"
2 "head"
2 "http"
2 "implemented"
2 "injection"
2 "instances"
2 "interpreter"
2 "isn"
2 "juxtaposition"
2 "lets"
2 "liftM"
2 "line"
2 "list"
2 "ls"
2 "map"
2 "mapM"
2 "mathematical"
2 "maybeNot"
2 "means"
2 "modify"
2 "monoidal"
2 "move"
2 "mtl"
2 "multi"
2 "needed"
2 "newer"
2 "nothing"
2 "often"
2 "only"
2 "operators"
2 "paper"
2 "partially"
2 "particularly"
2 "player"
2 "points"
2 "pop"
2 "program"
2 "pure"
2 "regular"
2 "returns"
2 "right"
2 "run"
2 "second"
2 "seen"
2 "silly"
2 "simply"
2 "someone"
2 "something"
2 "stuff"
2 "such"
2 "suggests"
2 "take"
2 "than"
2 "them"
2 "three"
2 "time"
2 "trying"
2 "tutorial"
2 "ugly"
2 "uniquely"
2 "using"
2 "various"
2 "version"
2 "well"
2 "while"
2 "won"
2 "working"
2 "wrap"
2 "zip"
1 ""
1 "API"
1 "ARCHIVE"
1 "About"
1 "Actually"
1 "Again"
1 "Annoying"
1 "Any"
1 "Back"
1 "Before"
1 "Bind"
1 "Bonus"
1 "Category"
1 "Collects"
1 "Confused"
1 "Consider"
1 "CurrencyName"
1 "Data"
1 "Doing"
1 "Don"
1 "Excercise"
1 "Final"
1 "First"
1 "FunctionalDependencies"
1 "Functorwe"
1 "Furthermore"
1 "Getting"
1 "Good"
1 "Hmm"
1 "IO"
1 "Ignoring"
1 "Instance"
1 "Instead"
1 "It"
1 "LANGUAGE"
1 "Lifting"
1 "Listmonads"
1 "Map"
1 "Most"
1 "MultiParamTypeClasses"
1 "Normal"
1 "Not"
1 "Notation"
1 "Note"
1 "Nothing"
1 "Num"
1 "OO"
1 "Parameter"
1 "Perhaps"
1 "Putting"
1 "Quite"
1 "Recall"
1 "Remember"
1 "Show"
1 "Since"
1 "Small"
1 "Stack"
1 "Stepping"
1 "StrongLaxMonoidalFunctor"
1 "Suppose"
1 "Technically"
1 "Theory"
1 "Transformer"
1 "Tutorial"
1 "When"
1 "Whenever"
1 "Where"
1 "Whereas"
1 "Why"
1 "With"
1 "Yikes"
1 "Your"
1 "accessor"
1 "acting"
1 "actual"
1 "added"
1 "again"
1 "allows"
1 "along"
1 "already"
1 "ambiguity"
1 "ambiguous"
1 "amounts"
1 "anything"
1 "applying"
1 "approaching"
1 "arebetter"
1 "arguably"
1 "arise"
1 "arrow"
1 "asset"
1 "assume"
1 "attempt"
1 "authors"
1 "automatically"
1 "aware"
1 "awful"
1 "bad"
1 "based"
1 "basic"
1 "basis"
1 "begins"
1 "being"
1 "better"
1 "bigger"
1 "binding"
1 "bindings"
1 "binds"
1 "boils"
1 "borrows"
1 "bound"
1 "box"
1 "brandon"
1 "bridge"
1 "brief"
1 "bring"
1 "building"
1 "builds"
1 "calibrated"
1 "calling"
1 "capabilities"
1 "capture"
1 "care"
1 "catchy"
1 "certain"
1 "chains"
1 "change"
1 "circle"
1 "classic"
1 "clearly"
1 "close"
1 "closer"
1 "closures"
1 "clumsy"
1 "com"
1 "combination"
1 "combine"
1 "combining"
1 "comes"
1 "compiled"
1 "compiler"
1 "compose"
1 "composed"
1 "composing"
1 "compute"
1 "concept"
1 "conceptual"
1 "concrete"
1 "configuration"
1 "confused"
1 "confusing"
1 "conjure"
1 "consistent"
1 "constant"
1 "contained"
1 "container"
1 "contents"
1 "convert"
1 "correspond"
1 "corresponding"
1 "crazy"
1 "currency"
1 "cut"
1 "d"
1 "datatype"
1 "deal"
1 "derivative"
1 "deriving"
1 "describe"
1 "describes"
1 "descriptive"
1 "design"
1 "desugaring"
1 "details"
1 "determine"
1 "determined"
1 "deterministic"
1 "differently"
1 "difficult"
1 "direction"
1 "disallowed"
1 "discussion"
1 "diverges"
1 "documentation"
1 "down"
1 "each"
1 "earlier"
1 "easy"
1 "either"
1 "elegant"
1 "elide"
1 "elusive"
1 "empty"
1 "enable"
1 "encountered"
1 "encourage"
1 "end"
1 "english"
1 "enough"
1 "enters"
1 "entire"
1 "entirely"
1 "equipped"
1 "error"
1 "etc"
1 "evaluate"
1 "evaluator"
1 "every"
1 "everywhere"
1 "exactly"
1 "except"
1 "exist"
1 "existing"
1 "expect"
1 "expert"
1 "explain"
1 "explanations"
1 "exploring"
1 "expressions"
1 "familiar"
1 "fancy"
1 "features"
1 "feet"
1 "few"
1 "fields"
1 "finally"
1 "finance"
1 "finite"
1 "fits"
1 "fix"
1 "fly"
1 "fmapbecause"
1 "follow"
1 "force"
1 "forget"
1 "form"
1 "formal"
1 "formalize"
1 "forms"
1 "free"
1 "frequently"
1 "friend"
1 "fstin"
1 "fully"
1 "fundeps"
1 "fzipWith"
1 "gaps"
1 "generalization"
1 "generalizes"
1 "generates"
1 "gets"
1 "give"
1 "gives"
1 "going"
1 "got"
1 "gotten"
1 "grasp"
1 "great"
1 "guess"
1 "hackage"
1 "hassle"
1 "haven"
1 "heart"
1 "helpful"
1 "highly"
1 "holds"
1 "hope"
1 "i"
1 "id"
1 "identity"
1 "ignore"
1 "imagine"
1 "immutable"
1 "imperative"
1 "implementing"
1 "implicit"
1 "import"
1 "incremented"
1 "independent"
1 "infix"
1 "information"
1 "insert"
1 "intent"
1 "interesting"
1 "interface"
1 "interpret"
1 "interpretation"
1 "interpreters"
1 "introduce"
1 "introduced"
1 "introduces"
1 "itself"
1 "job"
1 "keeping"
1 "knowledge"
1 "language"
1 "languages"
1 "latter"
1 "laws"
1 "lax"
1 "leaves"
1 "lengths"
1 "lengthy"
1 "let"
1 "level"
1 "liberal"
1 "libraries"
1 "life"
1 "lifting"
1 "lifts"
1 "likewise"
1 "lining"
1 "linked"
1 "links"
1 "listApply"
1 "little"
1 "lndevnotes"
1 "logic"
1 "looking"
1 "lookup"
1 "lot"
1 "lying"
1 "made"
1 "main"
1 "makes"
1 "many"
1 "mappend"
1 "mathematically"
1 "maximum"
1 "may"
1 "meaningful"
1 "meat"
1 "mechanism"
1 "mempty"
1 "methods"
1 "mfApply"
1 "mfPure"
1 "mod"
1 "modified"
1 "moment"
1 "monoids"
1 "much"
1 "named"
1 "names"
1 "needs"
1 "neglected"
1 "next"
1 "normal"
1 "notably"
1 "notation"
1 "noticed"
1 "null"
1 "number"
1 "observations"
1 "observe"
1 "odd"
1 "ofzipWith"
1 "old"
1 "onto"
1 "optimized"
1 "option"
1 "options"
1 "order"
1 "otherwise"
1 "outlined"
1 "overall"
1 "overflow"
1 "package"
1 "parallel"
1 "part"
1 "parts"
1 "pass"
1 "passed"
1 "pattern"
1 "people"
1 "perfect"
1 "perform"
1 "pictures"
1 "playing"
1 "please"
1 "positions"
1 "post"
1 "practice"
1 "present"
1 "pretty"
1 "previous"
1 "prices"
1 "pricing"
1 "probably"
1 "problem"
1 "produces"
1 "pronounce"
1 "pronounced"
1 "pronunciation"
1 "provide"
1 "purpose"
1 "putting"
1 "question"
1 "questions"
1 "quite"
1 "reading"
1 "ready"
1 "real"
1 "recall"
1 "recommend"
1 "reconstruct"
1 "refers"
1 "related"
1 "relation"
1 "relationship"
1 "remain"
1 "replace"
1 "represents"
1 "request"
1 "require"
1 "resolve"
1 "result"
1 "roughly"
1 "satisfying"
1 "says"
1 "scared"
1 "scary"
1 "scoping"
1 "sensible"
1 "sequencing"
1 "set"
1 "share"
1 "shook"
1 "short"
1 "showing"
1 "shows"
1 "si"
1 "signature"
1 "similarly"
1 "simpler"
1 "since"
1 "sits"
1 "sneak"
1 "somewhat"
1 "somewhere"
1 "sort"
1 "sounding"
1 "source"
1 "special"
1 "specify"
1 "specifying"
1 "spiced"
1 "spot"
1 "stackoverflow"
1 "stacks"
1 "stand"
1 "standard"
1 "static"
1 "sticking"
1 "sticky"
1 "stinking"
1 "straight"
1 "stringing"
1 "strong"
1 "stuck"
1 "stupid"
1 "subset"
1 "suggesting"
1 "summarize"
1 "super"
1 "sure"
1 "syntax"
1 "tell"
1 "tempting"
1 "terminology"
1 "though"
1 "thought"
1 "track"
1 "transformer"
1 "transformers"
1 "translate"
1 "tricky"
1 "truly"
1 "tuple"
1 "turns"
1 "tutorials"
1 "typeclass"
1 "typeclassfor"
1 "typeswith"
1 "unanswered"
1 "unbound"
1 "understanding"
1 "unit"
1 "until"
1 "unwrap"
1 "useless"
1 "usually"
1 "utility"
1 "val"
1 "variables"
1 "variety"
1 "victory"
1 "violates"
1 "wait"
1 "was"
1 "ways"
1 "weird"
1 "weirdly"
1 "weirdness"
1 "were"
1 "weren"
1 "wet"
1 "whence"
1 "whereas"
1 "whitespace"
1 "who"
1 "whole"
1 "within"
1 "without"
1 "wondering"
1 "works"
1 "wrapping"
1 "wrong"
1 "zipWith"
1 "zipping"
